23:10:31 **** Incremental Build of configuration Debug for project Blink ****
make -j6 all 
arm-none-eabi-size   Blink.elf 
   text	   data	    bss	    dec	    hex	filename
  31876	    152	   3592	  35620	   8b24	Blink.elf
Finished building: default.size.stdout
 
23:12:39 **** Incremental Build of configuration Debug for project Blink ****
make -j6 all 
arm-none-eabi-size   Blink.elf 
   text	   data	    bss	    dec	    hex	filename
  31876	    152	   3592	  35620	   8b24	Blink.elf
Finished building: default.size.stdout
 
23:28:37 **** Incremental Build of configuration Debug for project Blink ****
make -j6 all 
arm-none-eabi-gcc "../Core/Src/main.c" -mcpu=cortex-m4 -std=gnu11 -g3 -DDEBUG -DUSE_HAL_DRIVER -DSTM32F407xx -c -I../USB_HOST/App -I../USB_HOST/Target -I../Core/Inc -I../Drivers/STM32F4xx_HAL_Driver/Inc -I../Drivers/STM32F4xx_HAL_Driver/Inc/Legacy -I../Middlewares/ST/STM32_USB_Host_Library/Core/Inc -I../Middlewares/ST/STM32_USB_Host_Library/Class/CDC/Inc -I../Drivers/CMSIS/Device/ST/STM32F4xx/Include -I../Drivers/CMSIS/Include -O0 -ffunction-sections -fdata-sections -Wall -fstack-usage -MMD -MP -MF"Core/Src/main.d" -MT"Core/Src/main.o" --specs=nano.specs -mfpu=fpv4-sp-d16 -mfloat-abi=hard -mthumb -o "Core/Src/main.o"
arm-none-eabi-gcc -o "Blink.elf" @"objects.list"   -mcpu=cortex-m4 -T"E:\RISET\uController\STM32\Blink\STM32F407VGTX_FLASH.ld" --specs=nosys.specs -Wl,-Map="Blink.map" -Wl,--gc-sections -static --specs=nano.specs -mfpu=fpv4-sp-d16 -mfloat-abi=hard -mthumb -Wl,--start-group -lc -lm -Wl,--end-group
Finished building target: Blink.elf
 
arm-none-eabi-size   Blink.elf 
arm-none-eabi-objdump -h -S  Blink.elf  > "Blink.list"
   text	   data	    bss	    dec	    hex	filename
  31876	    152	   3592	  35620	   8b24	Blink.elf
Finished building: default.size.stdout
 
Finished building: Blink.list
 
23:28:40 **** Incremental Build of configuration Debug for project Blink ****
make -j6 all 
arm-none-eabi-size   Blink.elf 
   text	   data	    bss	    dec	    hex	filename
  31876	    152	   3592	  35620	   8b24	Blink.elf
Finished building: default.size.stdout
 
23:29:08 **** Incremental Build of configuration Debug for project Blink ****
make -j6 all 
arm-none-eabi-gcc "../Core/Src/main.c" -mcpu=cortex-m4 -std=gnu11 -g3 -DDEBUG -DUSE_HAL_DRIVER -DSTM32F407xx -c -I../USB_HOST/App -I../USB_HOST/Target -I../Core/Inc -I../Drivers/STM32F4xx_HAL_Driver/Inc -I../Drivers/STM32F4xx_HAL_Driver/Inc/Legacy -I../Middlewares/ST/STM32_USB_Host_Library/Core/Inc -I../Middlewares/ST/STM32_USB_Host_Library/Class/CDC/Inc -I../Drivers/CMSIS/Device/ST/STM32F4xx/Include -I../Drivers/CMSIS/Include -O0 -ffunction-sections -fdata-sections -Wall -fstack-usage -MMD -MP -MF"Core/Src/main.d" -MT"Core/Src/main.o" --specs=nano.specs -mfpu=fpv4-sp-d16 -mfloat-abi=hard -mthumb -o "Core/Src/main.o"
arm-none-eabi-gcc -o "Blink.elf" @"objects.list"   -mcpu=cortex-m4 -T"E:\RISET\uController\STM32\Blink\STM32F407VGTX_FLASH.ld" --specs=nosys.specs -Wl,-Map="Blink.map" -Wl,--gc-sections -static --specs=nano.specs -mfpu=fpv4-sp-d16 -mfloat-abi=hard -mthumb -Wl,--start-group -lc -lm -Wl,--end-group
Finished building target: Blink.elf
 
arm-none-eabi-size   Blink.elf 
arm-none-eabi-objdump -h -S  Blink.elf  > "Blink.list"
   text	   data	    bss	    dec	    hex	filename
  31876	    152	   3592	  35620	   8b24	Blink.elf
Finished building: default.size.stdout
 
Finished building: Blink.list
 
23:29:13 **** Incremental Build of configuration Debug for project Blink ****
make -j6 all 
arm-none-eabi-size   Blink.elf 
   text	   data	    bss	    dec	    hex	filename
  31876	    152	   3592	  35620	   8b24	Blink.elf
Finished building: default.size.stdout
 
